  Determining projects to restore...
  All projects are up-to-date for restore.
  backend-api -> /Users/pamithkaluarachchi/Desktop/CarePulse-AI_SE_049/backend-api/bin/Release/net8.0/backend-api.dll
  CarePulse.Ai.GoldenTests -> /Users/pamithkaluarachchi/Desktop/CarePulse-AI_SE_049/tests/CarePulse.Ai.GoldenTests/bin/Release/net8.0/CarePulse.Ai.GoldenTests.dll
Test run for /Users/pamithkaluarachchi/Desktop/CarePulse-AI_SE_049/tests/CarePulse.Ai.GoldenTests/bin/Release/net8.0/CarePulse.Ai.GoldenTests.dll (.NETCoreApp,Version=v8.0)
/Users/pamithkaluarachchi/Desktop/CarePulse-AI_SE_049/tests/CarePulse.Api.Tests/MigrationTests.cs(27,39): warning EF1002: Method 'ExecuteSqlRawAsync' inserts interpolated strings directly into the SQL, without any protection against SQL injection. Consider using 'ExecuteSqlAsync' instead, which protects against SQL injection, or make sure that the value is sanitized and suppress the warning. [/Users/pamithkaluarachchi/Desktop/CarePulse-AI_SE_049/tests/CarePulse.Api.Tests/CarePulse.Api.Tests.csproj]
VSTest version 17.11.1 (arm64)

  CarePulse.Api.Tests -> /Users/pamithkaluarachchi/Desktop/CarePulse-AI_SE_049/tests/CarePulse.Api.Tests/bin/Release/net8.0/CarePulse.Api.Tests.dll
Starting test execution, please wait...
A total of 1 test files matched the specified pattern.
Test run for /Users/pamithkaluarachchi/Desktop/CarePulse-AI_SE_049/tests/CarePulse.Api.Tests/bin/Release/net8.0/CarePulse.Api.Tests.dll (.NETCoreApp,Version=v8.0)
VSTest version 17.11.1 (arm64)

Starting test execution, please wait...
A total of 1 test files matched the specified pattern.
Results File: /Users/pamithkaluarachchi/Desktop/CarePulse-AI_SE_049/docs/qm/evidence/baseline-20261001/backend/_Pamiths-MacBook-Air-2_2026-10-01_08_44_15.trx

Passed!  - Failed:     0, Passed:     2, Skipped:     0, Total:     2, Duration: 5 ms - CarePulse.Ai.GoldenTests.dll (net8.0)
Results File: /Users/pamithkaluarachchi/Desktop/CarePulse-AI_SE_049/docs/qm/evidence/baseline-20261001/backend/_Pamiths-MacBook-Air-2_2026-10-01_08_44_15[1].trx

Passed!  - Failed:     0, Passed:   114, Skipped:     0, Total:   114, Duration: 2 s - CarePulse.Api.Tests.dll (net8.0)

Attachments:
  /Users/pamithkaluarachchi/Desktop/CarePulse-AI_SE_049/docs/qm/evidence/baseline-20261001/backend/95c0f9c9-d73d-4262-b0d5-15660f507e18/coverage.cobertura.xml
  /Users/pamithkaluarachchi/Desktop/CarePulse-AI_SE_049/docs/qm/evidence/baseline-20261001/backend/f314c9e2-be5b-465c-8fc5-d88f786be567/coverage.cobertura.xml
