<?xml version="1.0" encoding="utf-8"?>
<TestRun id="3e5d53b1-9478-4d80-a0be-5efe012c6216" name="@192 2026-10-08 22:10:01" xmlns="http://microsoft.com/schemas/VisualStudio/TeamTest/2010">
  <Times creation="2026-10-08T22:10:01.6980700+05:30" queuing="2026-10-08T22:10:01.6980700+05:30" start="2026-10-08T22:10:01.0754130+05:30" finish="2026-10-08T22:10:01.7014250+05:30" />
  <TestSettings name="default" id="2b0b4ccc-5734-405a-8254-d4979f6a5c72">
    <Deployment runDeploymentRoot="_192_2026-10-08_22_10_01" />
  </TestSettings>
  <Results>
    <UnitTestResult executionId="2b42f349-810c-40df-b4bd-78f3d85d2fb3" testId="889555b9-196c-ae25-b141-a61a18ea2662" testName="CarePulse.Ai.GoldenTests.ValidationAgentGoldenTests.SafetyThresholdBoundaries_FlagOnlyExceededLimits_AlwaysRequireApproval(severity: 8.4900000000000002, eta: 29, severityFlag: False, etaFlag: False)" computerName="192" duration="00:00:00.0002654" startTime="2026-10-08T22:10:01.6551080+05:30" endTime="2026-10-08T22:10:01.6551080+05:30" testType="13cdc9d9-ddb5-4fa4-a97d-d965ccfc6d4b" outcome="Passed" testListId="8c84fa94-04c1-424b-9868-57a2d4851a1d" relativeResultsDirectory="2b42f349-810c-40df-b4bd-78f3d85d2fb3" />
    <UnitTestResult executionId="5566e0a5-58c2-4dc4-a498-c9c76e5dcaea" testId="4052487e-84cc-0ee8-f85b-fa9de22553af" testName="CarePulse.Ai.GoldenTests.ValidationAgentGoldenTests.SafetyThresholdBoundaries_FlagOnlyExceededLimits_AlwaysRequireApproval(severity: 8.5099999999999998, eta: 30, severityFlag: True, etaFlag: False)" computerName="192" duration="00:00:00.0096605" startTime="2026-10-08T22:10:01.6548200+05:30" endTime="2026-10-08T22:10:01.6548200+05:30" testType="13cdc9d9-ddb5-4fa4-a97d-d965ccfc6d4b" outcome="Passed" testListId="8c84fa94-04c1-424b-9868-57a2d4851a1d" relativeResultsDirectory="5566e0a5-58c2-4dc4-a498-c9c76e5dcaea" />
    <UnitTestResult executionId="36200564-3c3c-49f2-8997-c1a0f6e85a27" testId="2a7bb4fe-7146-eecc-40d8-ef28f6d5e89d" testName="CarePulse.Ai.GoldenTests.ValidationAgentGoldenTests.SafetyThresholdBoundaries_FlagOnlyExceededLimits_AlwaysRequireApproval(severity: 8.4900000000000002, eta: 31, severityFlag: False, etaFlag: True)" computerName="192" duration="00:00:00.0038837" startTime="2026-10-08T22:10:01.6451200+05:30" endTime="2026-10-08T22:10:01.6451200+05:30" testType="13cdc9d9-ddb5-4fa4-a97d-d965ccfc6d4b" outcome="Passed" testListId="8c84fa94-04c1-424b-9868-57a2d4851a1d" relativeResultsDirectory="36200564-3c3c-49f2-8997-c1a0f6e85a27" />
    <UnitTestResult executionId="833a6f06-5ff0-4abf-a162-94579a78c4f3" testId="8a00ee08-f2df-835d-9c00-a8d2aef0b27b" testName="CarePulse.Ai.GoldenTests.ValidationAgentGoldenTests.SafetyThresholdBoundaries_FlagOnlyExceededLimits_AlwaysRequireApproval(severity: 8.5, eta: 31, severityFlag: False, etaFlag: True)" computerName="192" duration="00:00:00.0001111" startTime="2026-10-08T22:10:01.6552310+05:30" endTime="2026-10-08T22:10:01.6552310+05:30" testType="13cdc9d9-ddb5-4fa4-a97d-d965ccfc6d4b" outcome="Passed" testListId="8c84fa94-04c1-424b-9868-57a2d4851a1d" relativeResultsDirectory="833a6f06-5ff0-4abf-a162-94579a78c4f3" />
    <UnitTestResult executionId="58570ecb-7b44-416d-be07-1630ff69618d" testId="d61c8e53-dc14-b7fa-e068-b018c5996e34" testName="CarePulse.Ai.GoldenTests.ValidationAgentGoldenTests.SafetyThresholdBoundaries_FlagOnlyExceededLimits_AlwaysRequireApproval(severity: 8.5, eta: 30, severityFlag: False, etaFlag: False)" computerName="192" duration="00:00:00.2973365" startTime="2026-10-08T22:10:01.6417100+05:30" endTime="2026-10-08T22:10:01.6417170+05:30" testType="13cdc9d9-ddb5-4fa4-a97d-d965ccfc6d4b" outcome="Passed" testListId="8c84fa94-04c1-424b-9868-57a2d4851a1d" relativeResultsDirectory="58570ecb-7b44-416d-be07-1630ff69618d" />
    <UnitTestResult executionId="f0428694-a18a-4679-996b-9e3696c74861" testId="98fb6505-9251-21ef-7786-859f0f04ce6b" testName="CarePulse.Ai.GoldenTests.ValidationAgentGoldenTests.EvaluateDispatchSafetyAsync_MissingConfiguration_LowRiskStillRequiresApproval" computerName="192" duration="00:00:00.0002777" startTime="2026-10-08T22:10:01.6567570+05:30" endTime="2026-10-08T22:10:01.6567570+05:30" testType="13cdc9d9-ddb5-4fa4-a97d-d965ccfc6d4b" outcome="Passed" testListId="8c84fa94-04c1-424b-9868-57a2d4851a1d" relativeResultsDirectory="f0428694-a18a-4679-996b-9e3696c74861" />
    <UnitTestResult executionId="9543e020-e6aa-41fe-8a8c-bcbef08cf930" testId="db959e39-83e3-feef-dd44-7f127e751e49" testName="CarePulse.Ai.GoldenTests.ValidationAgentGoldenTests.EvaluateDispatchSafetyAsync_FallbackRecovery_EnforcesDoctorApproval" computerName="192" duration="00:00:00.0010381" startTime="2026-10-08T22:10:01.6564640+05:30" endTime="2026-10-08T22:10:01.6564640+05:30" testType="13cdc9d9-ddb5-4fa4-a97d-d965ccfc6d4b" outcome="Passed" testListId="8c84fa94-04c1-424b-9868-57a2d4851a1d" relativeResultsDirectory="9543e020-e6aa-41fe-8a8c-bcbef08cf930" />
    <UnitTestResult executionId="2e84d415-8631-412a-9412-8a7ce30e848c" testId="b5127482-ed0f-6c06-211f-00577fcefbec" testName="CarePulse.Ai.GoldenTests.ValidationAgentGoldenTests.SafetyThresholdBoundaries_FlagOnlyExceededLimits_AlwaysRequireApproval(severity: 8.5099999999999998, eta: 31, severityFlag: True, etaFlag: True)" computerName="192" duration="00:00:00.0000959" startTime="2026-10-08T22:10:01.6553360+05:30" endTime="2026-10-08T22:10:01.6553360+05:30" testType="13cdc9d9-ddb5-4fa4-a97d-d965ccfc6d4b" outcome="Passed" testListId="8c84fa94-04c1-424b-9868-57a2d4851a1d" relativeResultsDirectory="2e84d415-8631-412a-9412-8a7ce30e848c" />
  </Results>
  <TestDefinitions>
    <UnitTest name="CarePulse.Ai.GoldenTests.ValidationAgentGoldenTests.SafetyThresholdBoundaries_FlagOnlyExceededLimits_AlwaysRequireApproval(severity: 8.5099999999999998, eta: 30, severityFlag: True, etaFlag: False)" storage="/users/pamithkaluarachchi/desktop/carepulse-ai_se_049/tests/carepulse.ai.goldentests/bin/release/net8.0/carepulse.ai.goldentests.dll" id="4052487e-84cc-0ee8-f85b-fa9de22553af">
      <Execution id="5566e0a5-58c2-4dc4-a498-c9c76e5dcaea" />
      <TestMethod codeBase="/Users/pamithkaluarachchi/Desktop/CarePulse-AI_SE_049/tests/CarePulse.Ai.GoldenTests/bin/Release/net8.0/CarePulse.Ai.GoldenTests.dll" adapterTypeName="executor://xunit/VsTestRunner2/netcoreapp" className="CarePulse.Ai.GoldenTests.ValidationAgentGoldenTests" name="SafetyThresholdBoundaries_FlagOnlyExceededLimits_AlwaysRequireApproval" />
    </UnitTest>
    <UnitTest name="CarePulse.Ai.GoldenTests.ValidationAgentGoldenTests.EvaluateDispatchSafetyAsync_FallbackRecovery_EnforcesDoctorApproval" storage="/users/pamithkaluarachchi/desktop/carepulse-ai_se_049/tests/carepulse.ai.goldentests/bin/release/net8.0/carepulse.ai.goldentests.dll" id="db959e39-83e3-feef-dd44-7f127e751e49">
      <Execution id="9543e020-e6aa-41fe-8a8c-bcbef08cf930" />
      <TestMethod codeBase="/Users/pamithkaluarachchi/Desktop/CarePulse-AI_SE_049/tests/CarePulse.Ai.GoldenTests/bin/Release/net8.0/CarePulse.Ai.GoldenTests.dll" adapterTypeName="executor://xunit/VsTestRunner2/netcoreapp" className="CarePulse.Ai.GoldenTests.ValidationAgentGoldenTests" name="EvaluateDispatchSafetyAsync_FallbackRecovery_EnforcesDoctorApproval" />
    </UnitTest>
    <UnitTest name="CarePulse.Ai.GoldenTests.ValidationAgentGoldenTests.SafetyThresholdBoundaries_FlagOnlyExceededLimits_AlwaysRequireApproval(severity: 8.5099999999999998, eta: 31, severityFlag: True, etaFlag: True)" storage="/users/pamithkaluarachchi/desktop/carepulse-ai_se_049/tests/carepulse.ai.goldentests/bin/release/net8.0/carepulse.ai.goldentests.dll" id="b5127482-ed0f-6c06-211f-00577fcefbec">
      <Execution id="2e84d415-8631-412a-9412-8a7ce30e848c" />
      <TestMethod codeBase="/Users/pamithkaluarachchi/Desktop/CarePulse-AI_SE_049/tests/CarePulse.Ai.GoldenTests/bin/Release/net8.0/CarePulse.Ai.GoldenTests.dll" adapterTypeName="executor://xunit/VsTestRunner2/netcoreapp" className="CarePulse.Ai.GoldenTests.ValidationAgentGoldenTests" name="SafetyThresholdBoundaries_FlagOnlyExceededLimits_AlwaysRequireApproval" />
    </UnitTest>
    <UnitTest name="CarePulse.Ai.GoldenTests.ValidationAgentGoldenTests.SafetyThresholdBoundaries_FlagOnlyExceededLimits_AlwaysRequireApproval(severity: 8.4900000000000002, eta: 31, severityFlag: False, etaFlag: True)" storage="/users/pamithkaluarachchi/desktop/carepulse-ai_se_049/tests/carepulse.ai.goldentests/bin/release/net8.0/carepulse.ai.goldentests.dll" id="2a7bb4fe-7146-eecc-40d8-ef28f6d5e89d">
      <Execution id="36200564-3c3c-49f2-8997-c1a0f6e85a27" />
      <TestMethod codeBase="/Users/pamithkaluarachchi/Desktop/CarePulse-AI_SE_049/tests/CarePulse.Ai.GoldenTests/bin/Release/net8.0/CarePulse.Ai.GoldenTests.dll" adapterTypeName="executor://xunit/VsTestRunner2/netcoreapp" className="CarePulse.Ai.GoldenTests.ValidationAgentGoldenTests" name="SafetyThresholdBoundaries_FlagOnlyExceededLimits_AlwaysRequireApproval" />
    </UnitTest>
    <UnitTest name="CarePulse.Ai.GoldenTests.ValidationAgentGoldenTests.SafetyThresholdBoundaries_FlagOnlyExceededLimits_AlwaysRequireApproval(severity: 8.5, eta: 31, severityFlag: False, etaFlag: True)" storage="/users/pamithkaluarachchi/desktop/carepulse-ai_se_049/tests/carepulse.ai.goldentests/bin/release/net8.0/carepulse.ai.goldentests.dll" id="8a00ee08-f2df-835d-9c00-a8d2aef0b27b">
      <Execution id="833a6f06-5ff0-4abf-a162-94579a78c4f3" />
      <TestMethod codeBase="/Users/pamithkaluarachchi/Desktop/CarePulse-AI_SE_049/tests/CarePulse.Ai.GoldenTests/bin/Release/net8.0/CarePulse.Ai.GoldenTests.dll" adapterTypeName="executor://xunit/VsTestRunner2/netcoreapp" className="CarePulse.Ai.GoldenTests.ValidationAgentGoldenTests" name="SafetyThresholdBoundaries_FlagOnlyExceededLimits_AlwaysRequireApproval" />
    </UnitTest>
    <UnitTest name="CarePulse.Ai.GoldenTests.ValidationAgentGoldenTests.EvaluateDispatchSafetyAsync_MissingConfiguration_LowRiskStillRequiresApproval" storage="/users/pamithkaluarachchi/desktop/carepulse-ai_se_049/tests/carepulse.ai.goldentests/bin/release/net8.0/carepulse.ai.goldentests.dll" id="98fb6505-9251-21ef-7786-859f0f04ce6b">
      <Execution id="f0428694-a18a-4679-996b-9e3696c74861" />
      <TestMethod codeBase="/Users/pamithkaluarachchi/Desktop/CarePulse-AI_SE_049/tests/CarePulse.Ai.GoldenTests/bin/Release/net8.0/CarePulse.Ai.GoldenTests.dll" adapterTypeName="executor://xunit/VsTestRunner2/netcoreapp" className="CarePulse.Ai.GoldenTests.ValidationAgentGoldenTests" name="EvaluateDispatchSafetyAsync_MissingConfiguration_LowRiskStillRequiresApproval" />
    </UnitTest>
    <UnitTest name="CarePulse.Ai.GoldenTests.ValidationAgentGoldenTests.SafetyThresholdBoundaries_FlagOnlyExceededLimits_AlwaysRequireApproval(severity: 8.4900000000000002, eta: 29, severityFlag: False, etaFlag: False)" storage="/users/pamithkaluarachchi/desktop/carepulse-ai_se_049/tests/carepulse.ai.goldentests/bin/release/net8.0/carepulse.ai.goldentests.dll" id="889555b9-196c-ae25-b141-a61a18ea2662">
      <Execution id="2b42f349-810c-40df-b4bd-78f3d85d2fb3" />
      <TestMethod codeBase="/Users/pamithkaluarachchi/Desktop/CarePulse-AI_SE_049/tests/CarePulse.Ai.GoldenTests/bin/Release/net8.0/CarePulse.Ai.GoldenTests.dll" adapterTypeName="executor://xunit/VsTestRunner2/netcoreapp" className="CarePulse.Ai.GoldenTests.ValidationAgentGoldenTests" name="SafetyThresholdBoundaries_FlagOnlyExceededLimits_AlwaysRequireApproval" />
    </UnitTest>
    <UnitTest name="CarePulse.Ai.GoldenTests.ValidationAgentGoldenTests.SafetyThresholdBoundaries_FlagOnlyExceededLimits_AlwaysRequireApproval(severity: 8.5, eta: 30, severityFlag: False, etaFlag: False)" storage="/users/pamithkaluarachchi/desktop/carepulse-ai_se_049/tests/carepulse.ai.goldentests/bin/release/net8.0/carepulse.ai.goldentests.dll" id="d61c8e53-dc14-b7fa-e068-b018c5996e34">
      <Execution id="58570ecb-7b44-416d-be07-1630ff69618d" />
      <TestMethod codeBase="/Users/pamithkaluarachchi/Desktop/CarePulse-AI_SE_049/tests/CarePulse.Ai.GoldenTests/bin/Release/net8.0/CarePulse.Ai.GoldenTests.dll" adapterTypeName="executor://xunit/VsTestRunner2/netcoreapp" className="CarePulse.Ai.GoldenTests.ValidationAgentGoldenTests" name="SafetyThresholdBoundaries_FlagOnlyExceededLimits_AlwaysRequireApproval" />
    </UnitTest>
  </TestDefinitions>
  <TestEntries>
    <TestEntry testId="889555b9-196c-ae25-b141-a61a18ea2662" executionId="2b42f349-810c-40df-b4bd-78f3d85d2fb3" testListId="8c84fa94-04c1-424b-9868-57a2d4851a1d" />
    <TestEntry testId="4052487e-84cc-0ee8-f85b-fa9de22553af" executionId="5566e0a5-58c2-4dc4-a498-c9c76e5dcaea" testListId="8c84fa94-04c1-424b-9868-57a2d4851a1d" />
    <TestEntry testId="2a7bb4fe-7146-eecc-40d8-ef28f6d5e89d" executionId="36200564-3c3c-49f2-8997-c1a0f6e85a27" testListId="8c84fa94-04c1-424b-9868-57a2d4851a1d" />
    <TestEntry testId="8a00ee08-f2df-835d-9c00-a8d2aef0b27b" executionId="833a6f06-5ff0-4abf-a162-94579a78c4f3" testListId="8c84fa94-04c1-424b-9868-57a2d4851a1d" />
    <TestEntry testId="d61c8e53-dc14-b7fa-e068-b018c5996e34" executionId="58570ecb-7b44-416d-be07-1630ff69618d" testListId="8c84fa94-04c1-424b-9868-57a2d4851a1d" />
    <TestEntry testId="98fb6505-9251-21ef-7786-859f0f04ce6b" executionId="f0428694-a18a-4679-996b-9e3696c74861" testListId="8c84fa94-04c1-424b-9868-57a2d4851a1d" />
    <TestEntry testId="db959e39-83e3-feef-dd44-7f127e751e49" executionId="9543e020-e6aa-41fe-8a8c-bcbef08cf930" testListId="8c84fa94-04c1-424b-9868-57a2d4851a1d" />
    <TestEntry testId="b5127482-ed0f-6c06-211f-00577fcefbec" executionId="2e84d415-8631-412a-9412-8a7ce30e848c" testListId="8c84fa94-04c1-424b-9868-57a2d4851a1d" />
  </TestEntries>
  <TestLists>
    <TestList name="Results Not in a List" id="8c84fa94-04c1-424b-9868-57a2d4851a1d" />
    <TestList name="All Loaded Results" id="19431567-8539-422a-85d7-44ee4e166bda" />
  </TestLists>
  <ResultSummary outcome="Completed">
    <Counters total="8" executed="8" passed="8" failed="0" error="0" timeout="0" aborted="0" inconclusive="0" passedButRunAborted="0" notRunnable="0" notExecuted="0" disconnected="0" warning="0" completed="0" inProgress="0" pending="0" />
    <Output>
      <StdOut>[xUnit.net 00:00:00.00] xUnit.net VSTest Adapter v2.5.3.1+6b60a9e56a (64-bit .NET 8.0.29)
[xUnit.net 00:00:00.03]   Discovering: CarePulse.Ai.GoldenTests
[xUnit.net 00:00:00.04]   Discovered:  CarePulse.Ai.GoldenTests
[xUnit.net 00:00:00.05]   Starting:    CarePulse.Ai.GoldenTests
[xUnit.net 00:00:00.38]   Finished:    CarePulse.Ai.GoldenTests
</StdOut>
    </Output>
  </ResultSummary>
</TestRun>