
> web-admin@0.1.0 test
> react-scripts test --watchAll=false --runInBand --json --outputFile=../docs/qm/evidence/nonfunctional-20261003/web-regression.json

PASS src/pages/NurseDetailPage.test.js
  ● Console

    console.warn
      ⚠️ React Router Future Flag Warning: React Router will begin wrapping state updates in `React.startTransition` in v7. You can use the `v7_startTransition` future flag to opt-in early. For more information, see https://reactrouter.com/v6/upgrading/future#v7_starttransition.

       8 | const nurse = { id: 'n1', fullName: 'Demo nurse', specialization: 'Emergency', status: 'Active', isAvailable: false, licenseNumber: 'TEST-1' };
       9 | function show() {
    > 10 |   render(<MemoryRouter initialEntries={['/nurses/n1']}><Routes><Route path="/nurses/:id" element={<NurseDetailPage />} /></Routes></MemoryRouter>);
         |         ^
      11 | }
      12 | beforeEach(() => jest.resetAllMocks());
      13 |

      at warnOnce (node_modules/react-router/lib/deprecations.ts:9:13)
      at logDeprecation (node_modules/react-router/lib/deprecations.ts:14:3)
      at logV6DeprecationWarnings (node_modules/react-router/lib/deprecations.ts:26:5)
      at create (node_modules/react-router/lib/components.tsx:257:25)
      at Object.callback [as react_stack_bottom_frame] (node_modules/react-dom/cjs/react-dom-client.development.js:25989:20)
      at runWithFiberInDEV (node_modules/react-dom/cjs/react-dom-client.development.js:874:13)
      at commitHookEffectListMount (node_modules/react-dom/cjs/react-dom-client.development.js:13249:29)
      at commitHookPassiveMountEffects (node_modules/react-dom/cjs/react-dom-client.development.js:13336:11)
      at commitPassiveMountOnFiber (node_modules/react-dom/cjs/react-dom-client.development.js:15484:13)
      at recursivelyTraversePassiveMountEffects (node_modules/react-dom/cjs/react-dom-client.development.js:15439:11)
      at commitPassiveMountOnFiber (node_modules/react-dom/cjs/react-dom-client.development.js:15519:11)
      at flushPassiveEffects (node_modules/react-dom/cjs/react-dom-client.development.js:18432:9)
      at callback (node_modules/react-dom/cjs/react-dom-client.development.js:17923:15)
      at flushActQueue (node_modules/react/cjs/react.development.js:590:34)
      at actImplementation (node_modules/react/cjs/react.development.js:884:10)
      at node_modules/@testing-library/react/dist/act-compat.js:46:25
      at renderRoot (node_modules/@testing-library/react/dist/pure.js:189:25)
      at render (node_modules/@testing-library/react/dist/pure.js:291:10)
      at show (src/pages/NurseDetailPage.test.js:10:9)
      at Object.<anonymous> (src/pages/NurseDetailPage.test.js:17:3)

    console.warn
      ⚠️ React Router Future Flag Warning: Relative route resolution within Splat routes is changing in v7. You can use the `v7_relativeSplatPath` future flag to opt-in early. For more information, see https://reactrouter.com/v6/upgrading/future#v7_relativesplatpath.

       8 | const nurse = { id: 'n1', fullName: 'Demo nurse', specialization: 'Emergency', status: 'Active', isAvailable: false, licenseNumber: 'TEST-1' };
       9 | function show() {
    > 10 |   render(<MemoryRouter initialEntries={['/nurses/n1']}><Routes><Route path="/nurses/:id" element={<NurseDetailPage />} /></Routes></MemoryRouter>);
         |         ^
      11 | }
      12 | beforeEach(() => jest.resetAllMocks());
      13 |

      at warnOnce (node_modules/react-router/lib/deprecations.ts:9:13)
      at logDeprecation (node_modules/react-router/lib/deprecations.ts:14:3)
      at logV6DeprecationWarnings (node_modules/react-router/lib/deprecations.ts:37:5)
      at create (node_modules/react-router/lib/components.tsx:257:25)
      at Object.callback [as react_stack_bottom_frame] (node_modules/react-dom/cjs/react-dom-client.development.js:25989:20)
      at runWithFiberInDEV (node_modules/react-dom/cjs/react-dom-client.development.js:874:13)
      at commitHookEffectListMount (node_modules/react-dom/cjs/react-dom-client.development.js:13249:29)
      at commitHookPassiveMountEffects (node_modules/react-dom/cjs/react-dom-client.development.js:13336:11)
      at commitPassiveMountOnFiber (node_modules/react-dom/cjs/react-dom-client.development.js:15484:13)
      at recursivelyTraversePassiveMountEffects (node_modules/react-dom/cjs/react-dom-client.development.js:15439:11)
      at commitPassiveMountOnFiber (node_modules/react-dom/cjs/react-dom-client.development.js:15519:11)
      at flushPassiveEffects (node_modules/react-dom/cjs/react-dom-client.development.js:18432:9)
      at callback (node_modules/react-dom/cjs/react-dom-client.development.js:17923:15)
      at flushActQueue (node_modules/react/cjs/react.development.js:590:34)
      at actImplementation (node_modules/react/cjs/react.development.js:884:10)
      at node_modules/@testing-library/react/dist/act-compat.js:46:25
      at renderRoot (node_modules/@testing-library/react/dist/pure.js:189:25)
      at render (node_modules/@testing-library/react/dist/pure.js:291:10)
      at show (src/pages/NurseDetailPage.test.js:10:9)
      at Object.<anonymous> (src/pages/NurseDetailPage.test.js:17:3)

PASS src/qm/accessibility.test.js
  ● Console

    console.warn
      ⚠️ React Router Future Flag Warning: React Router will begin wrapping state updates in `React.startTransition` in v7. You can use the `v7_startTransition` future flag to opt-in early. For more information, see https://reactrouter.com/v6/upgrading/future#v7_starttransition.

      45 | });
      46 | test('login form and announced error have accessible controls', async () => {
    > 47 |   const { container } = render(<MemoryRouter><LoginPage /></MemoryRouter>);
         |                               ^
      48 |   screen.getByLabelText('Email'); screen.getByLabelText('Password');
      49 |   fireEvent.submit(screen.getByRole('button', { name: 'Sign in' }).closest('form'));
      50 |   await screen.findByRole('alert');

      at warnOnce (node_modules/react-router/lib/deprecations.ts:9:13)
      at logDeprecation (node_modules/react-router/lib/deprecations.ts:14:3)
      at logV6DeprecationWarnings (node_modules/react-router/lib/deprecations.ts:26:5)
      at create (node_modules/react-router/lib/components.tsx:257:25)
      at Object.callback [as react_stack_bottom_frame] (node_modules/react-dom/cjs/react-dom-client.development.js:25989:20)
      at runWithFiberInDEV (node_modules/react-dom/cjs/react-dom-client.development.js:874:13)
      at commitHookEffectListMount (node_modules/react-dom/cjs/react-dom-client.development.js:13249:29)
      at commitHookPassiveMountEffects (node_modules/react-dom/cjs/react-dom-client.development.js:13336:11)
      at commitPassiveMountOnFiber (node_modules/react-dom/cjs/react-dom-client.development.js:15484:13)
      at recursivelyTraversePassiveMountEffects (node_modules/react-dom/cjs/react-dom-client.development.js:15439:11)
      at commitPassiveMountOnFiber (node_modules/react-dom/cjs/react-dom-client.development.js:15519:11)
      at flushPassiveEffects (node_modules/react-dom/cjs/react-dom-client.development.js:18432:9)
      at callback (node_modules/react-dom/cjs/react-dom-client.development.js:17923:15)
      at flushActQueue (node_modules/react/cjs/react.development.js:590:34)
      at actImplementation (node_modules/react/cjs/react.development.js:884:10)
      at node_modules/@testing-library/react/dist/act-compat.js:46:25
      at renderRoot (node_modules/@testing-library/react/dist/pure.js:189:25)
      at render (node_modules/@testing-library/react/dist/pure.js:291:10)
      at Object.<anonymous> (src/qm/accessibility.test.js:47:31)

    console.warn
      ⚠️ React Router Future Flag Warning: Relative route resolution within Splat routes is changing in v7. You can use the `v7_relativeSplatPath` future flag to opt-in early. For more information, see https://reactrouter.com/v6/upgrading/future#v7_relativesplatpath.

      45 | });
      46 | test('login form and announced error have accessible controls', async () => {
    > 47 |   const { container } = render(<MemoryRouter><LoginPage /></MemoryRouter>);
         |                               ^
      48 |   screen.getByLabelText('Email'); screen.getByLabelText('Password');
      49 |   fireEvent.submit(screen.getByRole('button', { name: 'Sign in' }).closest('form'));
      50 |   await screen.findByRole('alert');

      at warnOnce (node_modules/react-router/lib/deprecations.ts:9:13)
      at logDeprecation (node_modules/react-router/lib/deprecations.ts:14:3)
      at logV6DeprecationWarnings (node_modules/react-router/lib/deprecations.ts:37:5)
      at create (node_modules/react-router/lib/components.tsx:257:25)
      at Object.callback [as react_stack_bottom_frame] (node_modules/react-dom/cjs/react-dom-client.development.js:25989:20)
      at runWithFiberInDEV (node_modules/react-dom/cjs/react-dom-client.development.js:874:13)
      at commitHookEffectListMount (node_modules/react-dom/cjs/react-dom-client.development.js:13249:29)
      at commitHookPassiveMountEffects (node_modules/react-dom/cjs/react-dom-client.development.js:13336:11)
      at commitPassiveMountOnFiber (node_modules/react-dom/cjs/react-dom-client.development.js:15484:13)
      at recursivelyTraversePassiveMountEffects (node_modules/react-dom/cjs/react-dom-client.development.js:15439:11)
      at commitPassiveMountOnFiber (node_modules/react-dom/cjs/react-dom-client.development.js:15519:11)
      at flushPassiveEffects (node_modules/react-dom/cjs/react-dom-client.development.js:18432:9)
      at callback (node_modules/react-dom/cjs/react-dom-client.development.js:17923:15)
      at flushActQueue (node_modules/react/cjs/react.development.js:590:34)
      at actImplementation (node_modules/react/cjs/react.development.js:884:10)
      at node_modules/@testing-library/react/dist/act-compat.js:46:25
      at renderRoot (node_modules/@testing-library/react/dist/pure.js:189:25)
      at render (node_modules/@testing-library/react/dist/pure.js:291:10)
      at Object.<anonymous> (src/qm/accessibility.test.js:47:31)

PASS src/App.test.js
  ● Console

    console.warn
      ⚠️ React Router Future Flag Warning: React Router will begin wrapping state updates in `React.startTransition` in v7. You can use the `v7_startTransition` future flag to opt-in early. For more information, see https://reactrouter.com/v6/upgrading/future#v7_starttransition.

      4 |
      5 | test('unauthenticated users are redirected to the login page', () => {
    > 6 |   render(
        |         ^
      7 |     <MemoryRouter initialEntries={['/']}>
      8 |       <App />
      9 |     </MemoryRouter>

      at warnOnce (node_modules/react-router/lib/deprecations.ts:9:13)
      at logDeprecation (node_modules/react-router/lib/deprecations.ts:14:3)
      at logV6DeprecationWarnings (node_modules/react-router/lib/deprecations.ts:26:5)
      at create (node_modules/react-router/lib/components.tsx:257:25)
      at Object.callback [as react_stack_bottom_frame] (node_modules/react-dom/cjs/react-dom-client.development.js:25989:20)
      at runWithFiberInDEV (node_modules/react-dom/cjs/react-dom-client.development.js:874:13)
      at commitHookEffectListMount (node_modules/react-dom/cjs/react-dom-client.development.js:13249:29)
      at commitHookPassiveMountEffects (node_modules/react-dom/cjs/react-dom-client.development.js:13336:11)
      at commitPassiveMountOnFiber (node_modules/react-dom/cjs/react-dom-client.development.js:15484:13)
      at recursivelyTraversePassiveMountEffects (node_modules/react-dom/cjs/react-dom-client.development.js:15439:11)
      at commitPassiveMountOnFiber (node_modules/react-dom/cjs/react-dom-client.development.js:15519:11)
      at flushPassiveEffects (node_modules/react-dom/cjs/react-dom-client.development.js:18432:9)
      at callback (node_modules/react-dom/cjs/react-dom-client.development.js:17923:15)
      at flushActQueue (node_modules/react/cjs/react.development.js:590:34)
      at actImplementation (node_modules/react/cjs/react.development.js:884:10)
      at node_modules/@testing-library/react/dist/act-compat.js:46:25
      at renderRoot (node_modules/@testing-library/react/dist/pure.js:189:25)
      at render (node_modules/@testing-library/react/dist/pure.js:291:10)
      at Object.<anonymous> (src/App.test.js:6:9)

    console.warn
      ⚠️ React Router Future Flag Warning: Relative route resolution within Splat routes is changing in v7. You can use the `v7_relativeSplatPath` future flag to opt-in early. For more information, see https://reactrouter.com/v6/upgrading/future#v7_relativesplatpath.

      4 |
      5 | test('unauthenticated users are redirected to the login page', () => {
    > 6 |   render(
        |         ^
      7 |     <MemoryRouter initialEntries={['/']}>
      8 |       <App />
      9 |     </MemoryRouter>

      at warnOnce (node_modules/react-router/lib/deprecations.ts:9:13)
      at logDeprecation (node_modules/react-router/lib/deprecations.ts:14:3)
      at logV6DeprecationWarnings (node_modules/react-router/lib/deprecations.ts:37:5)
      at create (node_modules/react-router/lib/components.tsx:257:25)
      at Object.callback [as react_stack_bottom_frame] (node_modules/react-dom/cjs/react-dom-client.development.js:25989:20)
      at runWithFiberInDEV (node_modules/react-dom/cjs/react-dom-client.development.js:874:13)
      at commitHookEffectListMount (node_modules/react-dom/cjs/react-dom-client.development.js:13249:29)
      at commitHookPassiveMountEffects (node_modules/react-dom/cjs/react-dom-client.development.js:13336:11)
      at commitPassiveMountOnFiber (node_modules/react-dom/cjs/react-dom-client.development.js:15484:13)
      at recursivelyTraversePassiveMountEffects (node_modules/react-dom/cjs/react-dom-client.development.js:15439:11)
      at commitPassiveMountOnFiber (node_modules/react-dom/cjs/react-dom-client.development.js:15519:11)
      at flushPassiveEffects (node_modules/react-dom/cjs/react-dom-client.development.js:18432:9)
      at callback (node_modules/react-dom/cjs/react-dom-client.development.js:17923:15)
      at flushActQueue (node_modules/react/cjs/react.development.js:590:34)
      at actImplementation (node_modules/react/cjs/react.development.js:884:10)
      at node_modules/@testing-library/react/dist/act-compat.js:46:25
      at renderRoot (node_modules/@testing-library/react/dist/pure.js:189:25)
      at render (node_modules/@testing-library/react/dist/pure.js:291:10)
      at Object.<anonymous> (src/App.test.js:6:9)

PASS src/components/patient/AiPlanTab.test.js
PASS src/pages/RegisterPatientPage.test.js
  ● Console

    console.warn
      ⚠️ React Router Future Flag Warning: React Router will begin wrapping state updates in `React.startTransition` in v7. You can use the `v7_startTransition` future flag to opt-in early. For more information, see https://reactrouter.com/v6/upgrading/future#v7_starttransition.

       7 |
       8 | function renderPage() {
    >  9 |   return render(
         |                ^
      10 |     <MemoryRouter initialEntries={['/patients/new']}>
      11 |       <Routes>
      12 |         <Route path="/patients/new" element={<RegisterPatientPage />} />

      at warnOnce (node_modules/react-router/lib/deprecations.ts:9:13)
      at logDeprecation (node_modules/react-router/lib/deprecations.ts:14:3)
      at logV6DeprecationWarnings (node_modules/react-router/lib/deprecations.ts:26:5)
      at create (node_modules/react-router/lib/components.tsx:257:25)
      at Object.callback [as react_stack_bottom_frame] (node_modules/react-dom/cjs/react-dom-client.development.js:25989:20)
      at runWithFiberInDEV (node_modules/react-dom/cjs/react-dom-client.development.js:874:13)
      at commitHookEffectListMount (node_modules/react-dom/cjs/react-dom-client.development.js:13249:29)
      at commitHookPassiveMountEffects (node_modules/react-dom/cjs/react-dom-client.development.js:13336:11)
      at commitPassiveMountOnFiber (node_modules/react-dom/cjs/react-dom-client.development.js:15484:13)
      at recursivelyTraversePassiveMountEffects (node_modules/react-dom/cjs/react-dom-client.development.js:15439:11)
      at commitPassiveMountOnFiber (node_modules/react-dom/cjs/react-dom-client.development.js:15519:11)
      at flushPassiveEffects (node_modules/react-dom/cjs/react-dom-client.development.js:18432:9)
      at callback (node_modules/react-dom/cjs/react-dom-client.development.js:17923:15)
      at flushActQueue (node_modules/react/cjs/react.development.js:590:34)
      at actImplementation (node_modules/react/cjs/react.development.js:884:10)
      at node_modules/@testing-library/react/dist/act-compat.js:46:25
      at renderRoot (node_modules/@testing-library/react/dist/pure.js:189:25)
      at render (node_modules/@testing-library/react/dist/pure.js:291:10)
      at renderPage (src/pages/RegisterPatientPage.test.js:9:16)
      at Object.<anonymous> (src/pages/RegisterPatientPage.test.js:34:5)

    console.warn
      ⚠️ React Router Future Flag Warning: Relative route resolution within Splat routes is changing in v7. You can use the `v7_relativeSplatPath` future flag to opt-in early. For more information, see https://reactrouter.com/v6/upgrading/future#v7_relativesplatpath.

       7 |
       8 | function renderPage() {
    >  9 |   return render(
         |                ^
      10 |     <MemoryRouter initialEntries={['/patients/new']}>
      11 |       <Routes>
      12 |         <Route path="/patients/new" element={<RegisterPatientPage />} />

      at warnOnce (node_modules/react-router/lib/deprecations.ts:9:13)
      at logDeprecation (node_modules/react-router/lib/deprecations.ts:14:3)
      at logV6DeprecationWarnings (node_modules/react-router/lib/deprecations.ts:37:5)
      at create (node_modules/react-router/lib/components.tsx:257:25)
      at Object.callback [as react_stack_bottom_frame] (node_modules/react-dom/cjs/react-dom-client.development.js:25989:20)
      at runWithFiberInDEV (node_modules/react-dom/cjs/react-dom-client.development.js:874:13)
      at commitHookEffectListMount (node_modules/react-dom/cjs/react-dom-client.development.js:13249:29)
      at commitHookPassiveMountEffects (node_modules/react-dom/cjs/react-dom-client.development.js:13336:11)
      at commitPassiveMountOnFiber (node_modules/react-dom/cjs/react-dom-client.development.js:15484:13)
      at recursivelyTraversePassiveMountEffects (node_modules/react-dom/cjs/react-dom-client.development.js:15439:11)
      at commitPassiveMountOnFiber (node_modules/react-dom/cjs/react-dom-client.development.js:15519:11)
      at flushPassiveEffects (node_modules/react-dom/cjs/react-dom-client.development.js:18432:9)
      at callback (node_modules/react-dom/cjs/react-dom-client.development.js:17923:15)
      at flushActQueue (node_modules/react/cjs/react.development.js:590:34)
      at actImplementation (node_modules/react/cjs/react.development.js:884:10)
      at node_modules/@testing-library/react/dist/act-compat.js:46:25
      at renderRoot (node_modules/@testing-library/react/dist/pure.js:189:25)
      at render (node_modules/@testing-library/react/dist/pure.js:291:10)
      at renderPage (src/pages/RegisterPatientPage.test.js:9:16)
      at Object.<anonymous> (src/pages/RegisterPatientPage.test.js:34:5)

PASS src/pages/PatientDetailPage.test.js
  ● Console

    console.warn
      ⚠️ React Router Future Flag Warning: React Router will begin wrapping state updates in `React.startTransition` in v7. You can use the `v7_startTransition` future flag to opt-in early. For more information, see https://reactrouter.com/v6/upgrading/future#v7_starttransition.

      32 |   localStorage.setItem('carepulse_user', JSON.stringify({ userId: 'u1', fullName: 'Dr. Test', email: 'doc@carepulse.dev', roles }));
      33 |
    > 34 |   return render(
         |                ^
      35 |     <MemoryRouter initialEntries={['/patients/p1']}>
      36 |       <AuthProvider>
      37 |         <Routes>

      at warnOnce (node_modules/react-router/lib/deprecations.ts:9:13)
      at logDeprecation (node_modules/react-router/lib/deprecations.ts:14:3)
      at logV6DeprecationWarnings (node_modules/react-router/lib/deprecations.ts:26:5)
      at create (node_modules/react-router/lib/components.tsx:257:25)
      at Object.callback [as react_stack_bottom_frame] (node_modules/react-dom/cjs/react-dom-client.development.js:25989:20)
      at runWithFiberInDEV (node_modules/react-dom/cjs/react-dom-client.development.js:874:13)
      at commitHookEffectListMount (node_modules/react-dom/cjs/react-dom-client.development.js:13249:29)
      at commitHookPassiveMountEffects (node_modules/react-dom/cjs/react-dom-client.development.js:13336:11)
      at commitPassiveMountOnFiber (node_modules/react-dom/cjs/react-dom-client.development.js:15484:13)
      at recursivelyTraversePassiveMountEffects (node_modules/react-dom/cjs/react-dom-client.development.js:15439:11)
      at commitPassiveMountOnFiber (node_modules/react-dom/cjs/react-dom-client.development.js:15519:11)
      at flushPassiveEffects (node_modules/react-dom/cjs/react-dom-client.development.js:18432:9)
      at callback (node_modules/react-dom/cjs/react-dom-client.development.js:17923:15)
      at flushActQueue (node_modules/react/cjs/react.development.js:590:34)
      at actImplementation (node_modules/react/cjs/react.development.js:884:10)
      at node_modules/@testing-library/react/dist/act-compat.js:46:25
      at renderRoot (node_modules/@testing-library/react/dist/pure.js:189:25)
      at render (node_modules/@testing-library/react/dist/pure.js:291:10)
      at renderAsRole (src/pages/PatientDetailPage.test.js:34:16)
      at Object.<anonymous> (src/pages/PatientDetailPage.test.js:54:5)

    console.warn
      ⚠️ React Router Future Flag Warning: Relative route resolution within Splat routes is changing in v7. You can use the `v7_relativeSplatPath` future flag to opt-in early. For more information, see https://reactrouter.com/v6/upgrading/future#v7_relativesplatpath.

      32 |   localStorage.setItem('carepulse_user', JSON.stringify({ userId: 'u1', fullName: 'Dr. Test', email: 'doc@carepulse.dev', roles }));
      33 |
    > 34 |   return render(
         |                ^
      35 |     <MemoryRouter initialEntries={['/patients/p1']}>
      36 |       <AuthProvider>
      37 |         <Routes>

      at warnOnce (node_modules/react-router/lib/deprecations.ts:9:13)
      at logDeprecation (node_modules/react-router/lib/deprecations.ts:14:3)
      at logV6DeprecationWarnings (node_modules/react-router/lib/deprecations.ts:37:5)
      at create (node_modules/react-router/lib/components.tsx:257:25)
      at Object.callback [as react_stack_bottom_frame] (node_modules/react-dom/cjs/react-dom-client.development.js:25989:20)
      at runWithFiberInDEV (node_modules/react-dom/cjs/react-dom-client.development.js:874:13)
      at commitHookEffectListMount (node_modules/react-dom/cjs/react-dom-client.development.js:13249:29)
      at commitHookPassiveMountEffects (node_modules/react-dom/cjs/react-dom-client.development.js:13336:11)
      at commitPassiveMountOnFiber (node_modules/react-dom/cjs/react-dom-client.development.js:15484:13)
      at recursivelyTraversePassiveMountEffects (node_modules/react-dom/cjs/react-dom-client.development.js:15439:11)
      at commitPassiveMountOnFiber (node_modules/react-dom/cjs/react-dom-client.development.js:15519:11)
      at flushPassiveEffects (node_modules/react-dom/cjs/react-dom-client.development.js:18432:9)
      at callback (node_modules/react-dom/cjs/react-dom-client.development.js:17923:15)
      at flushActQueue (node_modules/react/cjs/react.development.js:590:34)
      at actImplementation (node_modules/react/cjs/react.development.js:884:10)
      at node_modules/@testing-library/react/dist/act-compat.js:46:25
      at renderRoot (node_modules/@testing-library/react/dist/pure.js:189:25)
      at render (node_modules/@testing-library/react/dist/pure.js:291:10)
      at renderAsRole (src/pages/PatientDetailPage.test.js:34:16)
      at Object.<anonymous> (src/pages/PatientDetailPage.test.js:54:5)

PASS src/pages/PatientsListPage.test.js
  ● Console

    console.warn
      ⚠️ React Router Future Flag Warning: React Router will begin wrapping state updates in `React.startTransition` in v7. You can use the `v7_startTransition` future flag to opt-in early. For more information, see https://reactrouter.com/v6/upgrading/future#v7_starttransition.

       8 |
       9 | const renderPage = () =>
    > 10 |   render(
         |         ^
      11 |     <MemoryRouter>
      12 |       <AuthProvider>
      13 |         <PatientsListPage />

      at warnOnce (node_modules/react-router/lib/deprecations.ts:9:13)
      at logDeprecation (node_modules/react-router/lib/deprecations.ts:14:3)
      at logV6DeprecationWarnings (node_modules/react-router/lib/deprecations.ts:26:5)
      at create (node_modules/react-router/lib/components.tsx:257:25)
      at Object.callback [as react_stack_bottom_frame] (node_modules/react-dom/cjs/react-dom-client.development.js:25989:20)
      at runWithFiberInDEV (node_modules/react-dom/cjs/react-dom-client.development.js:874:13)
      at commitHookEffectListMount (node_modules/react-dom/cjs/react-dom-client.development.js:13249:29)
      at commitHookPassiveMountEffects (node_modules/react-dom/cjs/react-dom-client.development.js:13336:11)
      at commitPassiveMountOnFiber (node_modules/react-dom/cjs/react-dom-client.development.js:15484:13)
      at recursivelyTraversePassiveMountEffects (node_modules/react-dom/cjs/react-dom-client.development.js:15439:11)
      at commitPassiveMountOnFiber (node_modules/react-dom/cjs/react-dom-client.development.js:15519:11)
      at flushPassiveEffects (node_modules/react-dom/cjs/react-dom-client.development.js:18432:9)
      at callback (node_modules/react-dom/cjs/react-dom-client.development.js:17923:15)
      at flushActQueue (node_modules/react/cjs/react.development.js:590:34)
      at actImplementation (node_modules/react/cjs/react.development.js:884:10)
      at node_modules/@testing-library/react/dist/act-compat.js:46:25
      at renderRoot (node_modules/@testing-library/react/dist/pure.js:189:25)
      at render (node_modules/@testing-library/react/dist/pure.js:291:10)
      at renderPage (src/pages/PatientsListPage.test.js:10:9)
      at Object.<anonymous> (src/pages/PatientsListPage.test.js:33:5)

    console.warn
      ⚠️ React Router Future Flag Warning: Relative route resolution within Splat routes is changing in v7. You can use the `v7_relativeSplatPath` future flag to opt-in early. For more information, see https://reactrouter.com/v6/upgrading/future#v7_relativesplatpath.

       8 |
       9 | const renderPage = () =>
    > 10 |   render(
         |         ^
      11 |     <MemoryRouter>
      12 |       <AuthProvider>
      13 |         <PatientsListPage />

      at warnOnce (node_modules/react-router/lib/deprecations.ts:9:13)
      at logDeprecation (node_modules/react-router/lib/deprecations.ts:14:3)
      at logV6DeprecationWarnings (node_modules/react-router/lib/deprecations.ts:37:5)
      at create (node_modules/react-router/lib/components.tsx:257:25)
      at Object.callback [as react_stack_bottom_frame] (node_modules/react-dom/cjs/react-dom-client.development.js:25989:20)
      at runWithFiberInDEV (node_modules/react-dom/cjs/react-dom-client.development.js:874:13)
      at commitHookEffectListMount (node_modules/react-dom/cjs/react-dom-client.development.js:13249:29)
      at commitHookPassiveMountEffects (node_modules/react-dom/cjs/react-dom-client.development.js:13336:11)
      at commitPassiveMountOnFiber (node_modules/react-dom/cjs/react-dom-client.development.js:15484:13)
      at recursivelyTraversePassiveMountEffects (node_modules/react-dom/cjs/react-dom-client.development.js:15439:11)
      at commitPassiveMountOnFiber (node_modules/react-dom/cjs/react-dom-client.development.js:15519:11)
      at flushPassiveEffects (node_modules/react-dom/cjs/react-dom-client.development.js:18432:9)
      at callback (node_modules/react-dom/cjs/react-dom-client.development.js:17923:15)
      at flushActQueue (node_modules/react/cjs/react.development.js:590:34)
      at actImplementation (node_modules/react/cjs/react.development.js:884:10)
      at node_modules/@testing-library/react/dist/act-compat.js:46:25
      at renderRoot (node_modules/@testing-library/react/dist/pure.js:189:25)
      at render (node_modules/@testing-library/react/dist/pure.js:291:10)
      at renderPage (src/pages/PatientsListPage.test.js:10:9)
      at Object.<anonymous> (src/pages/PatientsListPage.test.js:33:5)

PASS src/components/patient/MedicalHistoryTab.test.js
PASS src/components/patient/OverviewTab.test.js
PASS src/pages/LoginPage.test.js
  ● Console

    console.warn
      ⚠️ React Router Future Flag Warning: React Router will begin wrapping state updates in `React.startTransition` in v7. You can use the `v7_startTransition` future flag to opt-in early. For more information, see https://reactrouter.com/v6/upgrading/future#v7_starttransition.

       8 |
       9 | function renderLoginPage() {
    > 10 |   return render(
         |                ^
      11 |     <MemoryRouter initialEntries={['/login']}>
      12 |       <AuthProvider>
      13 |         <Routes>

      at warnOnce (node_modules/react-router/lib/deprecations.ts:9:13)
      at logDeprecation (node_modules/react-router/lib/deprecations.ts:14:3)
      at logV6DeprecationWarnings (node_modules/react-router/lib/deprecations.ts:26:5)
      at create (node_modules/react-router/lib/components.tsx:257:25)
      at Object.callback [as react_stack_bottom_frame] (node_modules/react-dom/cjs/react-dom-client.development.js:25989:20)
      at runWithFiberInDEV (node_modules/react-dom/cjs/react-dom-client.development.js:874:13)
      at commitHookEffectListMount (node_modules/react-dom/cjs/react-dom-client.development.js:13249:29)
      at commitHookPassiveMountEffects (node_modules/react-dom/cjs/react-dom-client.development.js:13336:11)
      at commitPassiveMountOnFiber (node_modules/react-dom/cjs/react-dom-client.development.js:15484:13)
      at recursivelyTraversePassiveMountEffects (node_modules/react-dom/cjs/react-dom-client.development.js:15439:11)
      at commitPassiveMountOnFiber (node_modules/react-dom/cjs/react-dom-client.development.js:15519:11)
      at flushPassiveEffects (node_modules/react-dom/cjs/react-dom-client.development.js:18432:9)
      at callback (node_modules/react-dom/cjs/react-dom-client.development.js:17923:15)
      at flushActQueue (node_modules/react/cjs/react.development.js:590:34)
      at actImplementation (node_modules/react/cjs/react.development.js:884:10)
      at node_modules/@testing-library/react/dist/act-compat.js:46:25
      at renderRoot (node_modules/@testing-library/react/dist/pure.js:189:25)
      at render (node_modules/@testing-library/react/dist/pure.js:291:10)
      at renderLoginPage (src/pages/LoginPage.test.js:10:16)
      at Object.<anonymous> (src/pages/LoginPage.test.js:29:5)

    console.warn
      ⚠️ React Router Future Flag Warning: Relative route resolution within Splat routes is changing in v7. You can use the `v7_relativeSplatPath` future flag to opt-in early. For more information, see https://reactrouter.com/v6/upgrading/future#v7_relativesplatpath.

       8 |
       9 | function renderLoginPage() {
    > 10 |   return render(
         |                ^
      11 |     <MemoryRouter initialEntries={['/login']}>
      12 |       <AuthProvider>
      13 |         <Routes>

      at warnOnce (node_modules/react-router/lib/deprecations.ts:9:13)
      at logDeprecation (node_modules/react-router/lib/deprecations.ts:14:3)
      at logV6DeprecationWarnings (node_modules/react-router/lib/deprecations.ts:37:5)
      at create (node_modules/react-router/lib/components.tsx:257:25)
      at Object.callback [as react_stack_bottom_frame] (node_modules/react-dom/cjs/react-dom-client.development.js:25989:20)
      at runWithFiberInDEV (node_modules/react-dom/cjs/react-dom-client.development.js:874:13)
      at commitHookEffectListMount (node_modules/react-dom/cjs/react-dom-client.development.js:13249:29)
      at commitHookPassiveMountEffects (node_modules/react-dom/cjs/react-dom-client.development.js:13336:11)
      at commitPassiveMountOnFiber (node_modules/react-dom/cjs/react-dom-client.development.js:15484:13)
      at recursivelyTraversePassiveMountEffects (node_modules/react-dom/cjs/react-dom-client.development.js:15439:11)
      at commitPassiveMountOnFiber (node_modules/react-dom/cjs/react-dom-client.development.js:15519:11)
      at flushPassiveEffects (node_modules/react-dom/cjs/react-dom-client.development.js:18432:9)
      at callback (node_modules/react-dom/cjs/react-dom-client.development.js:17923:15)
      at flushActQueue (node_modules/react/cjs/react.development.js:590:34)
      at actImplementation (node_modules/react/cjs/react.development.js:884:10)
      at node_modules/@testing-library/react/dist/act-compat.js:46:25
      at renderRoot (node_modules/@testing-library/react/dist/pure.js:189:25)
      at render (node_modules/@testing-library/react/dist/pure.js:291:10)
      at renderLoginPage (src/pages/LoginPage.test.js:10:16)
      at Object.<anonymous> (src/pages/LoginPage.test.js:29:5)

PASS src/components/ProtectedRoute.test.js
  ● Console

    console.warn
      ⚠️ React Router Future Flag Warning: React Router will begin wrapping state updates in `React.startTransition` in v7. You can use the `v7_startTransition` future flag to opt-in early. For more information, see https://reactrouter.com/v6/upgrading/future#v7_starttransition.

       5 |
       6 | function renderWithAuth(initialEntry, allowedRoles) {
    >  7 |   return render(
         |                ^
       8 |     <MemoryRouter initialEntries={[initialEntry]}>
       9 |       <AuthProvider>
      10 |         <Routes>

      at warnOnce (node_modules/react-router/lib/deprecations.ts:9:13)
      at logDeprecation (node_modules/react-router/lib/deprecations.ts:14:3)
      at logV6DeprecationWarnings (node_modules/react-router/lib/deprecations.ts:26:5)
      at create (node_modules/react-router/lib/components.tsx:257:25)
      at Object.callback [as react_stack_bottom_frame] (node_modules/react-dom/cjs/react-dom-client.development.js:25989:20)
      at runWithFiberInDEV (node_modules/react-dom/cjs/react-dom-client.development.js:874:13)
      at commitHookEffectListMount (node_modules/react-dom/cjs/react-dom-client.development.js:13249:29)
      at commitHookPassiveMountEffects (node_modules/react-dom/cjs/react-dom-client.development.js:13336:11)
      at commitPassiveMountOnFiber (node_modules/react-dom/cjs/react-dom-client.development.js:15484:13)
      at recursivelyTraversePassiveMountEffects (node_modules/react-dom/cjs/react-dom-client.development.js:15439:11)
      at commitPassiveMountOnFiber (node_modules/react-dom/cjs/react-dom-client.development.js:15519:11)
      at flushPassiveEffects (node_modules/react-dom/cjs/react-dom-client.development.js:18432:9)
      at callback (node_modules/react-dom/cjs/react-dom-client.development.js:17923:15)
      at flushActQueue (node_modules/react/cjs/react.development.js:590:34)
      at actImplementation (node_modules/react/cjs/react.development.js:884:10)
      at node_modules/@testing-library/react/dist/act-compat.js:46:25
      at renderRoot (node_modules/@testing-library/react/dist/pure.js:189:25)
      at render (node_modules/@testing-library/react/dist/pure.js:291:10)
      at renderWithAuth (src/components/ProtectedRoute.test.js:7:16)
      at Object.<anonymous> (src/components/ProtectedRoute.test.js:28:5)

    console.warn
      ⚠️ React Router Future Flag Warning: Relative route resolution within Splat routes is changing in v7. You can use the `v7_relativeSplatPath` future flag to opt-in early. For more information, see https://reactrouter.com/v6/upgrading/future#v7_relativesplatpath.

       5 |
       6 | function renderWithAuth(initialEntry, allowedRoles) {
    >  7 |   return render(
         |                ^
       8 |     <MemoryRouter initialEntries={[initialEntry]}>
       9 |       <AuthProvider>
      10 |         <Routes>

      at warnOnce (node_modules/react-router/lib/deprecations.ts:9:13)
      at logDeprecation (node_modules/react-router/lib/deprecations.ts:14:3)
      at logV6DeprecationWarnings (node_modules/react-router/lib/deprecations.ts:37:5)
      at create (node_modules/react-router/lib/components.tsx:257:25)
      at Object.callback [as react_stack_bottom_frame] (node_modules/react-dom/cjs/react-dom-client.development.js:25989:20)
      at runWithFiberInDEV (node_modules/react-dom/cjs/react-dom-client.development.js:874:13)
      at commitHookEffectListMount (node_modules/react-dom/cjs/react-dom-client.development.js:13249:29)
      at commitHookPassiveMountEffects (node_modules/react-dom/cjs/react-dom-client.development.js:13336:11)
      at commitPassiveMountOnFiber (node_modules/react-dom/cjs/react-dom-client.development.js:15484:13)
      at recursivelyTraversePassiveMountEffects (node_modules/react-dom/cjs/react-dom-client.development.js:15439:11)
      at commitPassiveMountOnFiber (node_modules/react-dom/cjs/react-dom-client.development.js:15519:11)
      at flushPassiveEffects (node_modules/react-dom/cjs/react-dom-client.development.js:18432:9)
      at callback (node_modules/react-dom/cjs/react-dom-client.development.js:17923:15)
      at flushActQueue (node_modules/react/cjs/react.development.js:590:34)
      at actImplementation (node_modules/react/cjs/react.development.js:884:10)
      at node_modules/@testing-library/react/dist/act-compat.js:46:25
      at renderRoot (node_modules/@testing-library/react/dist/pure.js:189:25)
      at render (node_modules/@testing-library/react/dist/pure.js:291:10)
      at renderWithAuth (src/components/ProtectedRoute.test.js:7:16)
      at Object.<anonymous> (src/components/ProtectedRoute.test.js:28:5)

PASS src/store/useDispatchStore.test.js

Test Suites: 1 skipped, 12 passed, 12 of 13 total
Tests:       1 skipped, 37 passed, 38 total
Snapshots:   0 total
Time:        1.68 s, estimated 7 s
Ran all test suites.
Test results written to: ../docs/qm/evidence/nonfunctional-20261003/web-regression.json
