Resolving dependencies...
Downloading packages...
  clock 1.1.2 (1.1.3 available)
  code_assets 1.2.1 (2.1.0 available)
  cross_file 0.3.5+5 (0.4.0 available)
  cupertino_icons 1.0.9 (2.0.0 available)
  dbus 0.7.15 (0.8.0 available)
  flutter_map 7.0.2 (8.3.2 available)
  flutter_secure_storage 9.2.4 (11.2.0 available)
  flutter_secure_storage_linux 1.2.3 (3.0.3 available)
  flutter_secure_storage_macos 3.1.3 (4.0.0 available)
  flutter_secure_storage_platform_interface 1.1.2 (2.1.1 available)
  flutter_secure_storage_web 1.2.1 (2.1.1 available)
  flutter_secure_storage_windows 3.1.2 (4.2.2 available)
  geolocator 14.0.2 (14.1.1 available)
  geolocator_android 5.0.3 (5.1.1+1 available)
  geolocator_linux 0.2.4 (0.2.6 available)
  geolocator_platform_interface 4.3.0 (4.4.0 available)
  google_fonts 6.3.3 (9.0.0 available)
  gsettings 0.2.8 (0.2.9 available)
  hooks 2.0.2 (2.2.0 available)
  image_picker 1.2.3 (1.2.4 available)
  image_picker_android 0.8.13+23 (0.8.13+25 available)
  image_picker_ios 0.8.13+8 (0.8.13+9 available)
  image_picker_platform_interface 2.11.1 (2.11.2 available)
  jni 1.0.3 (1.1.0 available)
  jni_flutter 1.0.3 (1.0.4+1 available)
  js 0.6.7 (0.7.2 available)
  latlong2 0.9.1 (0.10.1 available)
  material_color_utilities 0.13.0 (0.13.1 available)
  meta 1.18.3 (1.19.0 available)
  mgrs_dart 2.0.0 (3.0.0 available)
  objective_c 9.5.0 (9.6.2 available)
  package_info_plus 9.0.1 (10.2.2 available)
  package_info_plus_platform_interface 3.2.1 (4.1.0 available)
  petitparser 7.0.2 (7.1.0 available)
  proj4dart 2.1.0 (3.0.0 available)
  record_use 0.6.0 (1.1.1 available)
  stack_trace 1.12.1 (1.12.2 available)
  test_api 0.7.12 (0.7.14 available)
  unicode 0.3.1 (1.1.9 available)
  vector_math 2.4.0 (2.4.3 available)
  win32 5.15.0 (6.4.0 available)
  xml 7.0.1 (7.1.0 available)
Got dependencies!
42 packages have newer versions incompatible with dependency constraints.
Try `flutter pub outdated` for more information.
00:00 +0: loading /Users/pamithkaluarachchi/Desktop/CarePulse-AI_SE_049/mobile-app/test/services/dispatch_tracking_test.dart
00:00 +0: /Users/pamithkaluarachchi/Desktop/CarePulse-AI_SE_049/mobile-app/test/services/dispatch_tracking_test.dart: current session failure stops tracking and reports the error once
00:00 +1: /Users/pamithkaluarachchi/Desktop/CarePulse-AI_SE_049/mobile-app/test/services/dispatch_session_test.dart: expired shared session rejects before sending telemetry
00:00 +2: /Users/pamithkaluarachchi/Desktop/CarePulse-AI_SE_049/mobile-app/test/services/dispatch_session_test.dart: expired shared session rejects before sending telemetry
00:00 +3: /Users/pamithkaluarachchi/Desktop/CarePulse-AI_SE_049/mobile-app/test/services/dispatch_tracking_test.dart: late success after pause must not publish a location callback
00:00 +4: /Users/pamithkaluarachchi/Desktop/CarePulse-AI_SE_049/mobile-app/test/services/dispatch_session_test.dart: dispatch sends the shared JWT and reports a server-rejected location
00:00 +5: /Users/pamithkaluarachchi/Desktop/CarePulse-AI_SE_049/mobile-app/test/services/dispatch_session_test.dart: completion conflict propagates instead of showing success
00:00 +6: /Users/pamithkaluarachchi/Desktop/CarePulse-AI_SE_049/mobile-app/test/services/dispatch_session_test.dart: expired session prevents a location request from being sent
00:00 +7: All tests passed!
